[00:41:19] [INIT] KubeJS 2101.7.2-build.321; MC 2101 NeoForge
[00:41:19] [INIT] Loaded plugins:
[00:41:19] [INIT] - dev.latvian.mods.kubejs.plugin.builtin.BuiltinKubeJSPlugin
[00:41:19] [INIT] - dev.latvian.mods.kubejs.integration.architectury.ArchitecturyIntegration
[00:41:19] [INIT] - com.klikli_dev.theurgykubejs.kubejs.TheurgyKubeJSPlugin
[00:41:19] [INIT] - dev.uncandango.kubejstweaks.kubejs.kjs71.plugin.KJSTPlugin
[00:41:19] [INIT] - dev.uncandango.kubejstweaks.kubejs.kjs72.plugin.KJSTPlugin
[00:41:19] [INIT] - dev.ftb.mods.ftbxmodcompat.neoforge.ftbquests.kubejs.FTBQuestsKubeJSPlugin
[00:41:19] [INIT] - dev.ftb.mods.ftbxmodcompat.neoforge.ftbchunks.kubejs.FTBChunksKubeJSPlugin
[00:41:19] [INIT] - dev.ftb.mods.ftbxmodcompat.neoforge.ftbteams.kubejs.FTBTeamsKubeJSPlugin
[00:41:19] [INIT] - dev.ftb.mods.ftbxmodcompat.neoforge.ftbfiltersystem.kubejs.FFSKubeJSPlugin
[00:41:19] [INIT] - com.klikli_dev.occultism_kubejs.KubeJSOccultismPlugin
[00:41:19] [INIT] - com.almostreliable.ponderjs.KubePlugin
[00:41:19] [INIT] - com.glodblock.github.extendedae.xmod.kjs.KJSPlugin
[00:41:19] [INIT] - aztech.modern_industrialization.compat.kubejs.MIKubeJSPlugin
[00:41:21] [INFO] Loaded script startup_scripts:Potionsmaster/potionsmaster.js in 0.14 s
[00:41:21] [INFO] Loaded script startup_scripts:Applied Energistics/Universal_Press.js in 0.001 s
[00:41:21] [INFO] startup_scripts:CustomAdditions.js#4: Loaded Java class 'net.minecraft.core.registries.BuiltInRegistries'
[00:41:21] [INFO] startup_scripts:CustomAdditions.js#53: Loaded Java class 'com.google.common.base.Stopwatch'
[00:41:21] [INFO] Loaded script startup_scripts:CustomAdditions.js in 0.02 s
[00:41:21] [INFO] startup_scripts:eternal_starlight/eternal_starlight.js#1: Loaded Java class 'net.neoforged.neoforge.event.entity.player.PlayerEvent$PlayerChangedDimensionEvent'
[00:41:21] [INFO] Loaded script startup_scripts:eternal_starlight/eternal_starlight.js in 0.014 s
[00:41:21] [INFO] Loaded script startup_scripts:ExtendedAE/InfinityCells.js in 0.003 s
[00:41:21] [INFO] Loaded script startup_scripts:Farmer's Delight/Compatibility.js in 0.001 s
[00:41:21] [INFO] Loaded script startup_scripts:hyperbox/hyperbox.js in 0.0 s
[00:41:21] [INFO] Loaded script startup_scripts:incompatible_versions.js in 0.0 s
[00:41:21] [INFO] startup_scripts:Mekanism/Compatibility.js#18: Loaded Java class 'mekanism.api.chemical.Chemical'
[00:41:21] [INFO] startup_scripts:Mekanism/Compatibility.js#19: Loaded Java class 'mekanism.api.chemical.ChemicalBuilder'
[00:41:21] [INFO] Loaded script startup_scripts:Mekanism/Compatibility.js in 0.01 s
[00:41:21] [INFO] Loaded script startup_scripts:Modern-Industrialization/atm_stuff.js in 0.002 s
[00:41:21] [INFO] Loaded script startup_scripts:Modern-Industrialization/multiblocks/auto_forge.js in 0.001 s
[00:41:21] [INFO] Loaded script startup_scripts:Modern-Industrialization/multiblocks/casing.js in 0.0 s
[00:41:21] [INFO] Loaded script startup_scripts:Modern-Industrialization/multiblocks/runic_crucible.js in 0.0 s
[00:41:21] [INFO] Loaded script startup_scripts:Modern-Industrialization/multiblocks/runic_enchanter.js in 0.001 s
[00:41:21] [INFO] Loaded script startup_scripts:Modern-Industrialization/multiblocks/runic_star_altar.js in 0.002 s
[00:41:21] [INFO] startup_scripts:Shrink/polylib_fix.js#1: Loaded Java class 'net.creeperhost.polylib.init.DataComps'
[00:41:21] [INFO] Loaded script startup_scripts:Shrink/polylib_fix.js in 0.001 s
[00:41:21] [INFO] Loaded script startup_scripts:Theurgy/SulfurAdditions.js in 0.001 s
[00:41:21] [INFO] Loaded script startup_scripts:Xycraft/Compatibility.js in 0.0 s
[00:41:21] [INFO] Loaded 18/18 KubeJS startup scripts in 2.218 s with 0 errors and 0 warnings
[00:41:21] [INFO] Validated 332 files in kubejs/data/ in 135ms
[00:41:36] [INFO] Loaded Java class 'java.lang.Integer'
