[27nov2025 00:00:18.914] [Server thread/INFO] [journeymap/]: Adi820 teleported to 201.0 65.0 28.0 minecraft:the_nether
[27nov2025 00:00:35.598] [Server thread/INFO] [journeymap/]: Adi820 teleported to 198.0 93.0 -244.0 minecraft:the_nether
[27nov2025 00:00:45.203] [Server thread/INFO] [net.minecraft.world.entity.LivingEntity/]: Named entity PiglinBrute['Lord Jill the Boring'/1844623, l='ServerLevel[Mundillo chill ahi to guapo lol]', x=180.36, y=94.00, z=-267.52] died: Lord Jill the Boring was slain by Adi820 using [Infernal Semen de caballo of the Duelist]
[27nov2025 00:01:24.775] [Worker-Main-336/WARN] [ModernFix/]: Skipped emitting ENTITY_MOUNT game event for entity Strider['Strider'/1845006, l='ServerLevel[Mundillo chill ahi to guapo lol]', x=229.00, y=31.00, z=-572.00] as it would cause deadlock
[27nov2025 00:01:51.877] [Server thread/INFO] [net.minecraft.world.entity.LivingEntity/]: Named entity PiglinBrute['Drazapzapjank the Special'/1845048, l='ServerLevel[Mundillo chill ahi to guapo lol]', x=271.19, y=23.00, z=-333.58] died: 1$s has perished from unholy damage by Adi820 using [Infernal Semen de caballo of the Duelist]
[27nov2025 00:01:57.847] [Server thread/INFO] [net.minecraft.server.commands.LocateCommand/]: Locating element minecraft:bastion_remnant took 0 ms
[27nov2025 00:02:03.482] [Server thread/INFO] [journeymap/]: Adi820 teleported to 292.0 69.0 -459.0 minecraft:the_nether
[27nov2025 00:02:13.817] [Worker-Main-334/WARN] [ModernFix/]: Skipped emitting ENTITY_MOUNT game event for entity Strider['Strider'/1845356, l='ServerLevel[Mundillo chill ahi to guapo lol]', x=506.00, y=31.00, z=-558.00] as it would cause deadlock
[27nov2025 00:02:18.935] [Worker-Main-339/WARN] [ModernFix/]: Skipped emitting ENTITY_MOUNT game event for entity Strider['Strider'/1845428, l='ServerLevel[Mundillo chill ahi to guapo lol]', x=81.00, y=31.00, z=-745.00] as it would cause deadlock
[27nov2025 00:02:19.454] [Worker-Main-338/WARN] [net.minecraft.world.entity.ai.attributes.AttributeMap/]: Ignoring unknown attribute 'forge:entity_gravity'
[27nov2025 00:02:19.454] [Worker-Main-338/WARN] [net.minecraft.world.entity.ai.attributes.AttributeMap/]: Ignoring unknown attribute 'forge:entity_gravity'
[27nov2025 00:03:32.389] [Worker-Main-326/WARN] [ModernFix/]: Skipped emitting ENTITY_MOUNT game event for entity Strider['Strider'/1845672, l='ServerLevel[Mundillo chill ahi to guapo lol]', x=517.00, y=31.00, z=-756.00] as it would cause deadlock
[27nov2025 00:03:55.378] [Server thread/INFO] [AllTheLeaks/]: Listing events...
[27nov2025 00:03:55.378] [Server thread/INFO] [AllTheLeaks/]: Server Player Clone: 29
[27nov2025 00:03:55.378] [Server thread/INFO] [AllTheLeaks/]: Server Player Logout: 9
[27nov2025 00:03:55.378] [Server thread/INFO] [AllTheLeaks/]: Listing memory leaks so far...
[27nov2025 00:03:55.378] [Server thread/INFO] [AllTheLeaks/]: B: 2498MB / C: 3473MB / Diff: +975MB
[27nov2025 00:03:55.378] [Server thread/INFO] [AllTheLeaks/]: Memory Leaks detected: (/atl force_refresh to update)
[27nov2025 00:03:55.378] [Server thread/INFO] [AllTheLeaks/]: | ChunkAccess:
[27nov2025 00:03:55.378] [Server thread/INFO] [AllTheLeaks/]: |- LevelChunk (minecraft): 1147
[27nov2025 00:03:55.378] [Server thread/INFO] [AllTheLeaks/]: | Player:
[27nov2025 00:03:55.378] [Server thread/INFO] [AllTheLeaks/]: |- ServerPlayer (minecraft): 3
[27nov2025 00:05:22.077] [Server thread/INFO] [net.minecraft.server.MinecraftServer/]: Adi820 was slain by SwankyStella the Unholy using [SwankyStella the Unholy's Thunderstruck Giant's Broadsword of the Sun]
[27nov2025 00:05:22.084] [Server thread/INFO] [tombstone/]: The player Adi820 has successfully been saved
[27nov2025 00:05:36.405] [Server thread/INFO] [net.minecraft.world.entity.LivingEntity/]: Named entity ZombifiedPiglin['SwankyStella the Unholy'/1846252, l='ServerLevel[Mundillo chill ahi to guapo lol]', x=279.71, y=61.00, z=-558.40] died: SwankyStella the Unholy was slain by Adi820 using [Infernal Semen de caballo of the Duelist]
[27nov2025 00:05:57.400] [Server thread/INFO] [journeymap/]: Adi820 teleported to 387.5 55.0 -305.5 minecraft:overworld
[27nov2025 00:12:11.031] [Server thread/INFO] [net.minecraft.server.MinecraftServer/]: [Adi820: Gave 1 [Target Dummy] to Adi820]
[27nov2025 00:13:46.955] [Server thread/WARN] [net.minecraft.world.level.storage.loot.LootTable/]: Tried to over-fill a container
[27nov2025 00:13:55.428] [Server thread/INFO] [AllTheLeaks/]: Listing events...
[27nov2025 00:13:55.428] [Server thread/INFO] [AllTheLeaks/]: Server Player Clone: 30
[27nov2025 00:13:55.428] [Server thread/INFO] [AllTheLeaks/]: Server Player Logout: 9
[27nov2025 00:13:55.428] [Server thread/INFO] [AllTheLeaks/]: Listing memory leaks so far...
[27nov2025 00:13:55.429] [Server thread/INFO] [AllTheLeaks/]: B: 2498MB / C: 3657MB / Diff: +1159MB
[27nov2025 00:13:55.429] [Server thread/INFO] [AllTheLeaks/]: Memory Leaks detected: (/atl force_refresh to update)
[27nov2025 00:13:55.429] [Server thread/INFO] [AllTheLeaks/]: | ChunkAccess:
[27nov2025 00:13:55.429] [Server thread/INFO] [AllTheLeaks/]: |- LevelChunk (minecraft): 3097
[27nov2025 00:13:55.429] [Server thread/INFO] [AllTheLeaks/]: | Player:
[27nov2025 00:13:55.429] [Server thread/INFO] [AllTheLeaks/]: |- ServerPlayer (minecraft): 4
[27nov2025 00:16:54.960] [Server thread/INFO] [net.minecraft.server.MinecraftServer/]: [Adi820: Gave 1 [Perfect Gem of the Warlord] to Adi820]
[27nov2025 00:18:25.187] [Server thread/INFO] [net.minecraft.server.MinecraftServer/]: [Adi820: Gave 1 [Perfect Gem of the Earth] to Adi820]
[27nov2025 00:21:02.761] [Server thread/INFO] [net.minecraft.server.MinecraftServer/]: [Adi820: Gave 1 [Ghast Tear] to Adi820]
[27nov2025 00:21:17.338] [Server thread/INFO] [net.minecraft.server.MinecraftServer/]: [Adi820: Gave 1 [Eye of Ender] to Adi820]
[27nov2025 00:21:49.005] [Server thread/INFO] [net.minecraft.server.MinecraftServer/]: Adi820 has completed the challenge [Uneasy Alliance]
[27nov2025 00:23:31.009] [Server thread/WARN] [net.minecraft.server.level.ServerPlayerGameMode/]: Mismatch in destroy block pos: BlockPos{x=400, y=63, z=-386} BlockPos{x=400, y=64, z=-385}
[27nov2025 00:23:34.186] [Server thread/INFO] [net.minecraft.server.MinecraftServer/]: Adi820 has reached the goal [Fortuitous Militia]
[27nov2025 00:23:34.187] [Server thread/INFO] [net.minecraft.world.entity.LivingEntity/]: Named entity Vindicator['Stormhex the Ninja'/1907134, l='ServerLevel[Mundillo chill ahi to guapo lol]', x=405.72, y=64.00, z=-382.44] died: Stormhex the Ninja was scorched to death by Adi820 using [Infernal Semen de caballo of the Duelist]
[27nov2025 00:23:36.856] [Server thread/INFO] [net.minecraft.world.entity.LivingEntity/]: Named entity Zombie['Tharfae the Gorilla Slaughterer'/1907135, l='ServerLevel[Mundillo chill ahi to guapo lol]', x=399.61, y=67.20, z=-384.49] died: Tharfae the Gorilla Slaughterer was scorched to death by Adi820 using [Infernal Semen de caballo of the Duelist]
[27nov2025 00:23:42.103] [Server thread/INFO] [net.minecraft.world.entity.LivingEntity/]: Named entity Stray['Captain Arielle the Ghost Hunter'/1907133, l='ServerLevel[Mundillo chill ahi to guapo lol]', x=389.59, y=64.00, z=-381.28] died: Captain Arielle the Ghost Hunter was slain by Adi820 using [Infernal Semen de caballo of the Duelist]
[27nov2025 00:23:55.476] [Server thread/INFO] [AllTheLeaks/]: Listing events...
[27nov2025 00:23:55.477] [Server thread/INFO] [AllTheLeaks/]: Server Player Clone: 30
[27nov2025 00:23:55.477] [Server thread/INFO] [AllTheLeaks/]: Server Player Logout: 9
[27nov2025 00:23:55.477] [Server thread/INFO] [AllTheLeaks/]: Listing memory leaks so far...
[27nov2025 00:23:55.477] [Server thread/INFO] [AllTheLeaks/]: B: 2498MB / C: 3733MB / Diff: +1235MB
[27nov2025 00:23:55.477] [Server thread/INFO] [AllTheLeaks/]: Memory Leaks detected: (/atl force_refresh to update)
[27nov2025 00:23:55.477] [Server thread/INFO] [AllTheLeaks/]: | ChunkAccess:
[27nov2025 00:23:55.477] [Server thread/INFO] [AllTheLeaks/]: |- LevelChunk (minecraft): 3189
[27nov2025 00:23:55.477] [Server thread/INFO] [AllTheLeaks/]: | Player:
[27nov2025 00:23:55.477] [Server thread/INFO] [AllTheLeaks/]: |- ServerPlayer (minecraft): 4
[27nov2025 00:24:12.922] [Server thread/INFO] [net.minecraft.server.MinecraftServer/]: Adi820 has reached the goal [Reach the Summit]
[27nov2025 00:30:04.231] [Server thread/INFO] [net.minecraft.server.network.ServerGamePacketListenerImpl/]: Adi820 lost connection: Disconnected
[27nov2025 00:30:04.231] [Server thread/INFO] [net.minecraft.server.MinecraftServer/]: Adi820 left the game
[27nov2025 00:30:11.865] [Server thread/INFO] [net.minecraft.server.MinecraftServer/]: Unknown or incomplete command, see below for error
[27nov2025 00:30:11.865] [Server thread/INFO] [net.minecraft.server.MinecraftServer/]: save<--[HERE]
[27nov2025 00:30:14.416] [Server thread/INFO] [net.minecraft.server.MinecraftServer/]: Unknown or incomplete command, see below for error
[27nov2025 00:30:14.416] [Server thread/INFO] [net.minecraft.server.MinecraftServer/]: exit<--[HERE]
[27nov2025 00:30:15.316] [Server thread/INFO] [net.minecraft.server.MinecraftServer/]: Stopping the server
[27nov2025 00:30:15.491] [Server thread/INFO] [com.github.jarva.arsadditions.ArsAdditions/]: Shutting down locating executor service
[27nov2025 00:30:15.505] [Server thread/INFO] [net.minecraft.server.MinecraftServer/]: Stopping server
[27nov2025 00:30:15.507] [Server thread/INFO] [net.minecraft.server.MinecraftServer/]: Saving players
[27nov2025 00:30:15.507] [Server thread/INFO] [net.minecraft.server.MinecraftServer/]: Saving worlds
[27nov2025 00:30:15.526] [Server thread/INFO] [net.minecraft.server.MinecraftServer/]: Saving chunks for level 'ServerLevel[Mundillo chill ahi to guapo lol]'/minecraft:overworld
[27nov2025 00:30:15.708] [Server thread/INFO] [net.minecraft.server.MinecraftServer/]: Saving chunks for level 'ServerLevel[Mundillo chill ahi to guapo lol]'/twilightforest:twilight_forest
[27nov2025 00:30:15.728] [Server thread/INFO] [net.minecraft.server.MinecraftServer/]: Saving chunks for level 'ServerLevel[Mundillo chill ahi to guapo lol]'/minecraft:the_nether
[27nov2025 00:30:15.781] [Server thread/INFO] [net.minecraft.server.MinecraftServer/]: Saving chunks for level 'ServerLevel[Mundillo chill ahi to guapo lol]'/the_bumblezone:the_bumblezone
[27nov2025 00:30:15.818] [Server thread/INFO] [net.minecraft.server.MinecraftServer/]: Saving chunks for level 'ServerLevel[Mundillo chill ahi to guapo lol]'/allthemodium:mining
[27nov2025 00:30:15.852] [Server thread/INFO] [net.minecraft.server.MinecraftServer/]: Saving chunks for level 'ServerLevel[Mundillo chill ahi to guapo lol]'/undergarden:undergarden
[27nov2025 00:30:15.868] [Server thread/INFO] [net.minecraft.server.MinecraftServer/]: Saving chunks for level 'ServerLevel[Mundillo chill ahi to guapo lol]'/aether:the_aether
[27nov2025 00:30:15.885] [Server thread/INFO] [net.minecraft.server.MinecraftServer/]: Saving chunks for level 'ServerLevel[Mundillo chill ahi to guapo lol]'/deeperdarker:otherside
[27nov2025 00:30:15.902] [Server thread/INFO] [net.minecraft.server.MinecraftServer/]: Saving chunks for level 'ServerLevel[Mundillo chill ahi to guapo lol]'/compactmachines:compact_world
[27nov2025 00:30:15.923] [Server thread/INFO] [net.minecraft.server.MinecraftServer/]: Saving chunks for level 'ServerLevel[Mundillo chill ahi to guapo lol]'/mahoutsukai:reality_marble
[27nov2025 00:30:15.940] [Server thread/INFO] [net.minecraft.server.MinecraftServer/]: Saving chunks for level 'ServerLevel[Mundillo chill ahi to guapo lol]'/eternal_starlight:starlight
[27nov2025 00:30:15.959] [Server thread/INFO] [net.minecraft.server.MinecraftServer/]: Saving chunks for level 'ServerLevel[Mundillo chill ahi to guapo lol]'/allthemodium:the_beyond
[27nov2025 00:30:15.975] [Server thread/INFO] [net.minecraft.server.MinecraftServer/]: Saving chunks for level 'ServerLevel[Mundillo chill ahi to guapo lol]'/allthemodium:the_other
[27nov2025 00:30:16.022] [Server thread/INFO] [net.minecraft.server.MinecraftServer/]: Saving chunks for level 'ServerLevel[Mundillo chill ahi to guapo lol]'/minecraft:the_end
[27nov2025 00:30:16.101] [Server thread/INFO] [net.minecraft.server.MinecraftServer/]: Saving chunks for level 'ServerLevel[Mundillo chill ahi to guapo lol]'/irons_spellbooks:pocket_dimension
[27nov2025 00:30:16.118] [Server thread/INFO] [net.minecraft.server.MinecraftServer/]: Saving chunks for level 'ServerLevel[Mundillo chill ahi to guapo lol]'/iceandfire:dread_land
[27nov2025 00:30:16.135] [Server thread/INFO] [net.minecraft.server.MinecraftServer/]: Saving chunks for level 'ServerLevel[Mundillo chill ahi to guapo lol]'/ae2:spatial_storage
[27nov2025 00:30:16.166] [Server thread/INFO] [net.minecraft.server.MinecraftServer/]: ThreadedAnvilChunkStorage (world): All chunks are saved
[27nov2025 00:30:16.166] [Server thread/INFO] [net.minecraft.server.MinecraftServer/]: ThreadedAnvilChunkStorage (twilight_forest): All chunks are saved
[27nov2025 00:30:16.166] [Server thread/INFO] [net.minecraft.server.MinecraftServer/]: ThreadedAnvilChunkStorage (DIM-1): All chunks are saved
[27nov2025 00:30:16.167] [Server thread/INFO] [net.minecraft.server.MinecraftServer/]: ThreadedAnvilChunkStorage (the_bumblezone): All chunks are saved
[27nov2025 00:30:16.167] [Server thread/INFO] [net.minecraft.server.MinecraftServer/]: ThreadedAnvilChunkStorage (mining): All chunks are saved
[27nov2025 00:30:16.167] [Server thread/INFO] [net.minecraft.server.MinecraftServer/]: ThreadedAnvilChunkStorage (undergarden): All chunks are saved
[27nov2025 00:30:16.167] [Server thread/INFO] [net.minecraft.server.MinecraftServer/]: ThreadedAnvilChunkStorage (the_aether): All chunks are saved
[27nov2025 00:30:16.167] [Server thread/INFO] [net.minecraft.server.MinecraftServer/]: ThreadedAnvilChunkStorage (otherside): All chunks are saved
[27nov2025 00:30:16.167] [Server thread/INFO] [net.minecraft.server.MinecraftServer/]: ThreadedAnvilChunkStorage (compact_world): All chunks are saved
[27nov2025 00:30:16.167] [Server thread/INFO] [net.minecraft.server.MinecraftServer/]: ThreadedAnvilChunkStorage (reality_marble): All chunks are saved
[27nov2025 00:30:16.167] [Server thread/INFO] [net.minecraft.server.MinecraftServer/]: ThreadedAnvilChunkStorage (starlight): All chunks are saved
[27nov2025 00:30:16.167] [Server thread/INFO] [net.minecraft.server.MinecraftServer/]: ThreadedAnvilChunkStorage (the_beyond): All chunks are saved
[27nov2025 00:30:16.167] [Server thread/INFO] [net.minecraft.server.MinecraftServer/]: ThreadedAnvilChunkStorage (the_other): All chunks are saved
[27nov2025 00:30:16.167] [Server thread/INFO] [net.minecraft.server.MinecraftServer/]: ThreadedAnvilChunkStorage (DIM1): All chunks are saved
[27nov2025 00:30:16.167] [Server thread/INFO] [net.minecraft.server.MinecraftServer/]: ThreadedAnvilChunkStorage (pocket_dimension): All chunks are saved
[27nov2025 00:30:16.167] [Server thread/INFO] [net.minecraft.server.MinecraftServer/]: ThreadedAnvilChunkStorage (dread_land): All chunks are saved
[27nov2025 00:30:16.168] [Server thread/INFO] [net.minecraft.server.MinecraftServer/]: ThreadedAnvilChunkStorage (spatial_storage): All chunks are saved
[27nov2025 00:30:16.168] [Server thread/INFO] [net.minecraft.server.MinecraftServer/]: ThreadedAnvilChunkStorage: All dimensions are saved
[27nov2025 00:30:18.796] [Server thread/INFO] [Framework/]: Unloading server configs...
[27nov2025 00:30:18.799] [Server thread/INFO] [Framework/]: Sending config unload event for refurbished_furniture.server.toml
[27nov2025 00:30:18.807] [Server thread/INFO] [Framework/]: Finished unloading server configs
